interactions:
- request:
    body: null
    headers:
      Connection: [close]
      Host: ['localhost:8153']
      User-Agent: [Python-urllib/2.7]
    method: GET
    uri: http://localhost:8153/go/api/pipelines/FunctionalTests/history/0
  response:
    body: {string: !!python/unicode '{"pipelines":[{"build_cause":{"approver":"","material_revisions":[{"modifications":[{"email_address":null,"id":33,"modified_time":1458423067438,"user_name":"Unknown","comment":"Unknown","revision":"AppDevelopment/7/Package/1"}],"material":{"description":"AppDevelopment","fingerprint":"713c7bf1ffb68604d5af6f91e6a68558d7a75b874327e855030a3b26f72aa06a","type":"Pipeline","id":5},"changed":false},{"modifications":[{"email_address":null,"id":35,"modified_time":1458438055000,"user_name":"Kurt
        Yoder \u003Cktygithub@yoderhome.com\u003E","comment":"Update run.sh","revision":"e6bace8a6a972ff1ac80ac0191f81602103fe3d2"}],"material":{"description":"URL:
        https://github.com/greenmoss/gocd_source, Branch: FT","fingerprint":"6ce0a4977c6f3238d0117d59229ff759ff6346c3f7481276d91c55cc80135f3d","type":"Git","id":8},"changed":true}],"trigger_forced":false,"trigger_message":"modified
        by Kurt Yoder \u003Cktygithub@yoderhome.com\u003E"},"name":"FunctionalTests","natural_order":9.0,"can_run":true,"comment":null,"stages":[{"name":"Deploy","approved_by":"changes","jobs":[{"name":"deployApplications","result":"Failed","state":"Completed","id":126,"scheduled_date":1458437085073}],"can_run":true,"result":"Failed","approval_type":"success","counter":"1","id":111,"operate_permission":true,"rerun_of_counter":null,"scheduled":true},{"name":"functionalTests","approved_by":null,"jobs":[],"can_run":true,"approval_type":null,"counter":"1","id":0,"operate_permission":true,"rerun_of_counter":null,"scheduled":false}],"counter":9,"id":53,"preparing_to_schedule":false,"label":"9"},{"build_cause":{"approver":"","material_revisions":[{"modifications":[{"email_address":null,"id":33,"modified_time":1458423067438,"user_name":"Unknown","comment":"Unknown","revision":"AppDevelopment/7/Package/1"}],"material":{"description":"AppDevelopment","fingerprint":"713c7bf1ffb68604d5af6f91e6a68558d7a75b874327e855030a3b26f72aa06a","type":"Pipeline","id":5},"changed":true},{"modifications":[{"email_address":null,"id":31,"modified_time":1458423698000,"user_name":"Kurt
        Yoder \u003Cktygithub@yoderhome.com\u003E","comment":"fail FT","revision":"f8ac58380b2f53c1f55ebef181e23c38468d54ef"}],"material":{"description":"URL:
        https://github.com/greenmoss/gocd_source, Branch: FT","fingerprint":"6ce0a4977c6f3238d0117d59229ff759ff6346c3f7481276d91c55cc80135f3d","type":"Git","id":8},"changed":false}],"trigger_forced":false,"trigger_message":"triggered
        by AppDevelopment/7/Package/1"},"name":"FunctionalTests","natural_order":8.0,"can_run":true,"comment":null,"stages":[{"name":"Deploy","approved_by":"changes","jobs":[{"name":"deployApplications","result":"Failed","state":"Completed","id":120,"scheduled_date":1458423091232}],"can_run":true,"result":"Failed","approval_type":"success","counter":"1","id":105,"operate_permission":true,"rerun_of_counter":null,"scheduled":true},{"name":"functionalTests","approved_by":null,"jobs":[],"can_run":true,"approval_type":null,"counter":"1","id":0,"operate_permission":true,"rerun_of_counter":null,"scheduled":false}],"counter":8,"id":49,"preparing_to_schedule":false,"label":"8"},{"build_cause":{"approver":"","material_revisions":[{"modifications":[{"email_address":null,"id":22,"modified_time":1458404255932,"user_name":"Unknown","comment":"Unknown","revision":"AppDevelopment/5/Package/1"}],"material":{"description":"AppDevelopment","fingerprint":"713c7bf1ffb68604d5af6f91e6a68558d7a75b874327e855030a3b26f72aa06a","type":"Pipeline","id":5},"changed":false},{"modifications":[{"email_address":null,"id":31,"modified_time":1458423698000,"user_name":"Kurt
        Yoder \u003Cktygithub@yoderhome.com\u003E","comment":"fail FT","revision":"f8ac58380b2f53c1f55ebef181e23c38468d54ef"}],"material":{"description":"URL:
        https://github.com/greenmoss/gocd_source, Branch: FT","fingerprint":"6ce0a4977c6f3238d0117d59229ff759ff6346c3f7481276d91c55cc80135f3d","type":"Git","id":8},"changed":true}],"trigger_forced":false,"trigger_message":"modified
        by Kurt Yoder \u003Cktygithub@yoderhome.com\u003E"},"name":"FunctionalTests","natural_order":7.0,"can_run":true,"comment":null,"stages":[{"name":"Deploy","approved_by":"changes","jobs":[{"name":"deployApplications","result":"Failed","state":"Completed","id":116,"scheduled_date":1458423011163}],"can_run":true,"result":"Failed","approval_type":"success","counter":"1","id":101,"operate_permission":true,"rerun_of_counter":null,"scheduled":true},{"name":"functionalTests","approved_by":null,"jobs":[],"can_run":true,"approval_type":null,"counter":"1","id":0,"operate_permission":true,"rerun_of_counter":null,"scheduled":false}],"counter":7,"id":47,"preparing_to_schedule":false,"label":"7"},{"build_cause":{"approver":"","material_revisions":[{"modifications":[{"email_address":null,"id":22,"modified_time":1458404255932,"user_name":"Unknown","comment":"Unknown","revision":"AppDevelopment/5/Package/1"}],"material":{"description":"AppDevelopment","fingerprint":"713c7bf1ffb68604d5af6f91e6a68558d7a75b874327e855030a3b26f72aa06a","type":"Pipeline","id":5},"changed":true},{"modifications":[{"email_address":null,"id":23,"modified_time":1458403792000,"user_name":"Kurt
        Yoder \u003Cktygithub@yoderhome.com\u003E","comment":"Get diagnostic output
        from run.sh","revision":"dd154416726d3e813145777baef747f411dc1fca"}],"material":{"description":"URL:
        https://github.com/greenmoss/gocd_source, Branch: FT","fingerprint":"6ce0a4977c6f3238d0117d59229ff759ff6346c3f7481276d91c55cc80135f3d","type":"Git","id":8},"changed":true}],"trigger_forced":false,"trigger_message":"triggered
        by AppDevelopment/5/Package/1"},"name":"FunctionalTests","natural_order":6.0,"can_run":true,"comment":null,"stages":[{"name":"Deploy","approved_by":"changes","jobs":[{"name":"deployApplications","result":"Passed","state":"Completed","id":104,"scheduled_date":1458404289561}],"can_run":true,"result":"Passed","approval_type":"success","counter":"1","id":91,"operate_permission":true,"rerun_of_counter":null,"scheduled":true},{"name":"functionalTests","approved_by":"changes","jobs":[{"name":"TestSuite001","result":"Passed","state":"Completed","id":105,"scheduled_date":1458404308639},{"name":"TestSuite002","result":"Passed","state":"Completed","id":106,"scheduled_date":1458404308639},{"name":"TestSuite003","result":"Passed","state":"Completed","id":107,"scheduled_date":1458404308639}],"can_run":true,"result":"Passed","approval_type":"success","counter":"1","id":92,"operate_permission":true,"rerun_of_counter":null,"scheduled":true}],"counter":6,"id":42,"preparing_to_schedule":false,"label":"6"},{"build_cause":{"approver":"","material_revisions":[{"modifications":[{"email_address":null,"id":17,"modified_time":1458403446145,"user_name":"Unknown","comment":"Unknown","revision":"AppDevelopment/4/Package/1"}],"material":{"description":"AppDevelopment","fingerprint":"713c7bf1ffb68604d5af6f91e6a68558d7a75b874327e855030a3b26f72aa06a","type":"Pipeline","id":5},"changed":false},{"modifications":[{"email_address":null,"id":19,"modified_time":1458403792000,"user_name":"Kurt
        Yoder \u003Cktygithub@yoderhome.com\u003E","comment":"Get diagnostic output
        from run.sh","revision":"dd154416726d3e813145777baef747f411dc1fca"}],"material":{"description":"URL:
        https://github.com/greenmoss/gocd_source, Branch: master","fingerprint":"871ca4e80381f5d1a4d07e6259c6a65288ff4aa527a7890e5ada217471cfe7af","type":"Git","id":6},"changed":true}],"trigger_forced":false,"trigger_message":"modified
        by Kurt Yoder \u003Cktygithub@yoderhome.com\u003E"},"name":"FunctionalTests","natural_order":5.0,"can_run":true,"comment":null,"stages":[{"name":"Deploy","approved_by":"changes","jobs":[{"name":"deployApplications","result":"Passed","state":"Completed","id":96,"scheduled_date":1458404139459}],"can_run":true,"result":"Passed","approval_type":"success","counter":"1","id":85,"operate_permission":true,"rerun_of_counter":null,"scheduled":true},{"name":"functionalTests","approved_by":"changes","jobs":[{"name":"TestSuite001","result":"Passed","state":"Completed","id":97,"scheduled_date":1458404156303},{"name":"TestSuite002","result":"Passed","state":"Completed","id":98,"scheduled_date":1458404156303},{"name":"TestSuite003","result":"Passed","state":"Completed","id":99,"scheduled_date":1458404156303}],"can_run":true,"result":"Passed","approval_type":"success","counter":"1","id":86,"operate_permission":true,"rerun_of_counter":null,"scheduled":true}],"counter":5,"id":39,"preparing_to_schedule":false,"label":"5"},{"build_cause":{"approver":"","material_revisions":[{"modifications":[{"email_address":null,"id":17,"modified_time":1458403446145,"user_name":"Unknown","comment":"Unknown","revision":"AppDevelopment/4/Package/1"}],"material":{"description":"AppDevelopment","fingerprint":"713c7bf1ffb68604d5af6f91e6a68558d7a75b874327e855030a3b26f72aa06a","type":"Pipeline","id":5},"changed":true},{"modifications":[{"email_address":null,"id":11,"modified_time":1458403249000,"user_name":"Kurt
        Yoder \u003Cktygithub@yoderhome.com\u003E","comment":"Create run.sh","revision":"7bbd2e379efd90532bb351758409f682cd4df2dc"}],"material":{"description":"URL:
        https://github.com/greenmoss/gocd_source, Branch: master","fingerprint":"871ca4e80381f5d1a4d07e6259c6a65288ff4aa527a7890e5ada217471cfe7af","type":"Git","id":6},"changed":false}],"trigger_forced":false,"trigger_message":"triggered
        by AppDevelopment/4/Package/1"},"name":"FunctionalTests","natural_order":4.0,"can_run":true,"comment":null,"stages":[{"name":"Deploy","approved_by":"changes","jobs":[{"name":"deployApplications","result":"Passed","state":"Completed","id":91,"scheduled_date":1458403470039}],"can_run":true,"result":"Passed","approval_type":"success","counter":"1","id":82,"operate_permission":true,"rerun_of_counter":null,"scheduled":true},{"name":"functionalTests","approved_by":"changes","jobs":[{"name":"TestSuite001","result":"Passed","state":"Completed","id":93,"scheduled_date":1458403486160},{"name":"TestSuite002","result":"Passed","state":"Completed","id":94,"scheduled_date":1458403486160},{"name":"TestSuite003","result":"Passed","state":"Completed","id":95,"scheduled_date":1458403486160}],"can_run":true,"result":"Passed","approval_type":"success","counter":"1","id":84,"operate_permission":true,"rerun_of_counter":null,"scheduled":true}],"counter":4,"id":37,"preparing_to_schedule":false,"label":"4"},{"build_cause":{"approver":"","material_revisions":[{"modifications":[{"email_address":null,"id":2,"modified_time":1458082599508,"user_name":"Unknown","comment":"Unknown","revision":"AppDevelopment/1/Package/1"}],"material":{"description":"AppDevelopment","fingerprint":"713c7bf1ffb68604d5af6f91e6a68558d7a75b874327e855030a3b26f72aa06a","type":"Pipeline","id":5},"changed":false},{"modifications":[{"email_address":null,"id":11,"modified_time":1458403249000,"user_name":"Kurt
        Yoder \u003Cktygithub@yoderhome.com\u003E","comment":"Create run.sh","revision":"7bbd2e379efd90532bb351758409f682cd4df2dc"}],"material":{"description":"URL:
        https://github.com/greenmoss/gocd_source, Branch: master","fingerprint":"871ca4e80381f5d1a4d07e6259c6a65288ff4aa527a7890e5ada217471cfe7af","type":"Git","id":6},"changed":true}],"trigger_forced":false,"trigger_message":"modified
        by Kurt Yoder \u003Cktygithub@yoderhome.com\u003E"},"name":"FunctionalTests","natural_order":3.0,"can_run":true,"comment":null,"stages":[{"name":"Deploy","approved_by":"changes","jobs":[{"name":"deployApplications","result":"Passed","state":"Completed","id":76,"scheduled_date":1458403239883}],"can_run":true,"result":"Passed","approval_type":"success","counter":"1","id":69,"operate_permission":true,"rerun_of_counter":null,"scheduled":true},{"name":"functionalTests","approved_by":"changes","jobs":[{"name":"TestSuite001","result":"Passed","state":"Completed","id":77,"scheduled_date":1458403256378},{"name":"TestSuite002","result":"Passed","state":"Completed","id":78,"scheduled_date":1458403256378},{"name":"TestSuite003","result":"Passed","state":"Completed","id":79,"scheduled_date":1458403256378}],"can_run":true,"result":"Passed","approval_type":"success","counter":"1","id":70,"operate_permission":true,"rerun_of_counter":null,"scheduled":true}],"counter":3,"id":32,"preparing_to_schedule":false,"label":"3"},{"build_cause":{"approver":"","material_revisions":[{"modifications":[{"email_address":null,"id":2,"modified_time":1458082599508,"user_name":"Unknown","comment":"Unknown","revision":"AppDevelopment/1/Package/1"}],"material":{"description":"AppDevelopment","fingerprint":"713c7bf1ffb68604d5af6f91e6a68558d7a75b874327e855030a3b26f72aa06a","type":"Pipeline","id":5},"changed":false},{"modifications":[{"email_address":null,"id":8,"modified_time":1458402596000,"user_name":"Kurt
        Yoder \u003Cktygithub@yoderhome.com\u003E","comment":"Initial commit","revision":"2e81363b8eee9627286a3531844e140ff0fb8f51"}],"material":{"description":"URL:
        https://github.com/greenmoss/gocd_source, Branch: master","fingerprint":"871ca4e80381f5d1a4d07e6259c6a65288ff4aa527a7890e5ada217471cfe7af","type":"Git","id":6},"changed":true}],"trigger_forced":false,"trigger_message":"modified
        by Kurt Yoder \u003Cktygithub@yoderhome.com\u003E"},"name":"FunctionalTests","natural_order":2.0,"can_run":true,"comment":null,"stages":[{"name":"Deploy","approved_by":"changes","jobs":[{"name":"deployApplications","result":"Passed","state":"Completed","id":68,"scheduled_date":1458402879661}],"can_run":true,"result":"Passed","approval_type":"success","counter":"1","id":63,"operate_permission":true,"rerun_of_counter":null,"scheduled":true},{"name":"functionalTests","approved_by":"changes","jobs":[{"name":"TestSuite001","result":"Passed","state":"Completed","id":69,"scheduled_date":1458402897310},{"name":"TestSuite002","result":"Passed","state":"Completed","id":70,"scheduled_date":1458402897310},{"name":"TestSuite003","result":"Passed","state":"Completed","id":71,"scheduled_date":1458402897310}],"can_run":true,"result":"Passed","approval_type":"success","counter":"1","id":64,"operate_permission":true,"rerun_of_counter":null,"scheduled":true}],"counter":2,"id":29,"preparing_to_schedule":false,"label":"2"},{"build_cause":{"approver":"","material_revisions":[{"modifications":[{"email_address":null,"id":2,"modified_time":1458082599508,"user_name":"Unknown","comment":"Unknown","revision":"AppDevelopment/1/Package/1"}],"material":{"description":"AppDevelopment","fingerprint":"713c7bf1ffb68604d5af6f91e6a68558d7a75b874327e855030a3b26f72aa06a","type":"Pipeline","id":5},"changed":true}],"trigger_forced":false,"trigger_message":"triggered
        by AppDevelopment/1/Package/1"},"name":"FunctionalTests","natural_order":1.0,"can_run":true,"comment":null,"stages":[{"name":"Deploy","approved_by":"anonymous","jobs":[{"name":"deployApplications","result":"Passed","state":"Completed","id":45,"scheduled_date":1458159145022}],"can_run":true,"result":"Passed","approval_type":"success","counter":"3","id":42,"operate_permission":true,"rerun_of_counter":null,"scheduled":true},{"name":"functionalTests","approved_by":"changes","jobs":[{"name":"TestSuite001","result":"Passed","state":"Completed","id":46,"scheduled_date":1458159155811},{"name":"TestSuite002","result":"Passed","state":"Completed","id":47,"scheduled_date":1458159155811},{"name":"TestSuite003","result":"Passed","state":"Completed","id":48,"scheduled_date":1458159155811}],"can_run":true,"result":"Passed","approval_type":"success","counter":"2","id":43,"operate_permission":true,"rerun_of_counter":null,"scheduled":true}],"counter":1,"id":3,"preparing_to_schedule":false,"label":"1"}],"pagination":{"offset":0,"total":9,"page_size":10}}'}
    headers:
      cache-control: ['max-age=0, private, must-revalidate']
      connection: [close]
      content-type: [application/json; charset=utf-8]
      date: ['Mon, 21 Mar 2016 01:43:33 GMT']
      etag: ['"a21151aaa757c617ef7b602a9095c00d"']
      expires: ['Thu, 01 Jan 1970 00:00:00 GMT']
      set-cookie: ['JSESSIONID=dc2qchso51up1c98cfhbmm5tw;Path=/go;Expires=Mon, 04-Apr-2016
          01:43:33 GMT']
      vary: ['Accept-Encoding, User-Agent']
      x-content-type-options: [nosniff]
      x-frame-options: [SAMEORIGIN]
      x-request-id: [3094ec33-23e9-4682-8c94-4718cd869cc7]
      x-runtime: ['0.017000']
      x-ua-compatible: [chrome=1]
      x-xss-protection: [1; mode=block]
    status: {code: 200, message: OK}
- request:
    body: null
    headers:
      Connection: [close]
      Host: ['localhost:8153']
      User-Agent: [Python-urllib/2.7]
    method: GET
    uri: http://localhost:8153/go/api/pipelines/FunctionalTests/status/
  response:
    body: {string: !!python/unicode '{"paused":false,"schedulable":true,"pausedBy":"","pausedCause":"","locked":false}'}
    headers:
      cache-control: ['max-age=0, private, must-revalidate']
      connection: [close]
      content-type: [application/json; charset=utf-8]
      date: ['Mon, 21 Mar 2016 01:43:33 GMT']
      etag: ['"c5e866f279ed30423c9733e7ca7bc274"']
      expires: ['Thu, 01 Jan 1970 00:00:00 GMT']
      set-cookie: ['JSESSIONID=1nqwjrzs74icczwoqrk2qpeye;Path=/go;Expires=Mon, 04-Apr-2016
          01:43:33 GMT']
      vary: ['Accept-Encoding, User-Agent']
      x-content-type-options: [nosniff]
      x-frame-options: [SAMEORIGIN]
      x-request-id: [53bea0d5-c3dc-4389-b06d-aa4402526b8e]
      x-runtime: ['0.003000']
      x-ua-compatible: [chrome=1]
      x-xss-protection: [1; mode=block]
    status: {code: 200, message: OK}
- request:
    body: null
    headers:
      Connection: [close]
      Host: ['localhost:8153']
      User-Agent: [Python-urllib/2.7]
    method: GET
    uri: http://localhost:8153/go/api/config/pipeline_groups/
  response:
    body: {string: !!python/unicode '[{"pipelines":[{"stages":[{"name":"Commit"},{"name":"UnitTest"},{"name":"Package"},{"name":"FunctionalTest"},{"name":"UserAcceptance"},{"name":"DeployStaging"},{"name":"DeployProduction"}],"name":"LinearPipeline","materials":[{"description":"URL:
        https://github.com/gocd-demo/webinar-code.git, Branch: master","fingerprint":"93c90510b74bdc41e0a15b8f2ebfd470f445089651b50238857f6b17819bb0ee","type":"Git"}],"label":"${COUNT}"}],"name":"BasicExamples"},{"pipelines":[{"stages":[{"name":"Commit"},{"name":"UnitTest"},{"name":"Package"}],"name":"AppDevelopment","materials":[{"description":"URL:
        https://github.com/gocd-demo/webinar-code.git, Branch: master","fingerprint":"93c90510b74bdc41e0a15b8f2ebfd470f445089651b50238857f6b17819bb0ee","type":"Git"},{"description":"URL:
        https://github.com/greenmoss/gocd_source, Branch: AD","fingerprint":"94c49bc9743cfa848dbbdab2a007c7427f4d057fb648cc888f5f6457a2c458a4","type":"Git"}],"label":"${COUNT}"},{"stages":[{"name":"Deploy"},{"name":"functionalTests"}],"name":"FunctionalTests","materials":[{"description":"AppDevelopment","fingerprint":"713c7bf1ffb68604d5af6f91e6a68558d7a75b874327e855030a3b26f72aa06a","type":"Pipeline"},{"description":"URL:
        https://github.com/greenmoss/gocd_source, Branch: FT","fingerprint":"6ce0a4977c6f3238d0117d59229ff759ff6346c3f7481276d91c55cc80135f3d","type":"Git"}],"label":"${COUNT}"},{"stages":[{"name":"Deploy"},{"name":"Approved"}],"name":"UserAcceptance","materials":[{"description":"AppDevelopment","fingerprint":"713c7bf1ffb68604d5af6f91e6a68558d7a75b874327e855030a3b26f72aa06a","type":"Pipeline"},{"description":"URL:
        https://github.com/greenmoss/gocd_source, Branch: UA","fingerprint":"555cb917a3d7845df076d382d097fca85deced49d5be55495cebc604b894a31c","type":"Git"}],"label":"${COUNT}"},{"stages":[{"name":"Deploy"},{"name":"Verify"}],"name":"DeployStaging","materials":[{"description":"UserAcceptance","fingerprint":"eef662f23116e3b49e932b34e9bbbf10ffe727ef6b61d55a51f84ae3a469f613","type":"Pipeline"},{"description":"FunctionalTests","fingerprint":"f3dec0cc10fd6f4c182ca8cde67dd50924d8e5096e94407071422a0be7a211bf","type":"Pipeline"},{"description":"URL:
        https://github.com/greenmoss/gocd_source, Branch: DS","fingerprint":"5039b132753172a03a2de061de75b8fea9910f6e2be22b1f28f8a545350abbd9","type":"Git"}],"label":"${COUNT}"}],"name":"Development"},{"pipelines":[{"stages":[{"name":"Deploy"},{"name":"Verify"}],"name":"DeployProduction","materials":[{"description":"DeployStaging","fingerprint":"8493a8d238955a79c3cf4247ff6f72ad837b6f0756090d4598ee3aa396408c13","type":"Pipeline"},{"description":"URL:
        https://github.com/greenmoss/gocd_source, Branch: DP","fingerprint":"dfa6e27cc0f89d83d5844a9fde6d2ab3732712a204264cd7189f8dd5cd4a77db","type":"Git"}],"label":"${COUNT}"}],"name":"Production"}]'}
    headers:
      cache-control: ['max-age=0, private, must-revalidate']
      connection: [close]
      content-type: [application/json; charset=utf-8]
      date: ['Mon, 21 Mar 2016 01:43:33 GMT']
      etag: ['"7a816bfb51dfc3935cf3bbb5b4b35828"']
      expires: ['Thu, 01 Jan 1970 00:00:00 GMT']
      set-cookie: ['JSESSIONID=7eb1tc2us9s8do7dhfulhnw;Path=/go;Expires=Mon, 04-Apr-2016
          01:43:33 GMT']
      vary: ['Accept-Encoding, User-Agent']
      x-content-type-options: [nosniff]
      x-frame-options: [SAMEORIGIN]
      x-request-id: [7fb841b4-be6c-4067-88ed-c66155bbc28d]
      x-runtime: ['0.004000']
      x-ua-compatible: [chrome=1]
      x-xss-protection: [1; mode=block]
    status: {code: 200, message: OK}
- request:
    body: null
    headers:
      Connection: [close]
      Host: [!!python/unicode 'localhost:8153']
      User-Agent: [Python-urllib/2.7]
    method: GET
    uri: http://localhost:8153/go/compare/FunctionalTests/6/with/9
  response:
    body: {string: !!python/unicode "<!DOCTYPE HTML>\n<html xmlns=\"http://www.w3.org/1999/xhtml\"\
        >\n<head>\n    <title>\n    Compare Pipelines Page - Go\n</title>\n\n<link\
        \ debug=\"false\" href=\"/go/assets/application-0c38ae3274f34c249ee39369d62a0da2220fba353c0895beb80f4c93ed2662e2.css\"\
        \ media=\"all\" rel=\"stylesheet\" />\n<link debug=\"false\" href=\"/go/assets/patterns/application-c9db0dc0617cde7ef9b33ba196098beaae0b2c749ab3fa4515eb27c5aab6f3f1.css\"\
        \ media=\"all\" rel=\"stylesheet\" />\n\n<!-- START: prototype hooks for css\
        \ injection -->\n\n<!-- END: prototype hooks for css injection -->\n\n<script\
        \ debug=\"false\" src=\"/go/assets/application-b0bab36c6e9691da261d135487d21a953c97f12d7297e152665bedbfdf9217f0.js\"\
        ></script>\n<![if !IE]>\n    <script src=\"/go/assets/lib/d3-3.1.5.min-a8bc188bf658d35d44f7dfc030984253b60843821bffa82b54edd65740c8174b.js\"\
        ></script>\n<![endif]>\n<!--[if gt IE 8]><!-->\n    <script src=\"/go/assets/lib/d3-3.1.5.min-a8bc188bf658d35d44f7dfc030984253b60843821bffa82b54edd65740c8174b.js\"\
        ></script>\n<!--<![endif]-->\n\n\n<link rel=\"shortcut icon\" href=\"/go/assets/cruise-1592088ba651470e554a54371b6be6b1336462c2186e74fb24f54f177377b538.ico\"\
        />\n</head>\n<body id=\"comparison\" class=\"comparison\">\n<div id=\"body_bg\"\
        >\n    <div id=\"header\">\n        <div class=\"header clear_float\">\n \
        \ <a href=\"/go/pipelines\" id=\"application_logo\">&nbsp;</a>\n  <div class=\"\
        application_nav\">\n  <input id=\"server_timestamp\" name=\"server_time\"\
        \ type=\"hidden\" value=\"1458524613\" />        <ul class=\"user\">\n   \
        \       <li class=\"help\">\n            <a href=\"https://go.cd/help\" target=\"\
        _blank\">Need Help?</a>\n          </li>\n        </ul>\n\n\n    <ul class=\"\
        tabs\">\n        <li id='cruise-header-tab-pipelines' class=\"\">\n      \
        \      <a href=\"/go/pipelines\">PIPELINES</a>        </li>\n        <li id='cruise-header-tab-environments'\
        \ class=\"\">\n            <a href=\"/go/environments\">ENVIRONMENTS</a> \
        \       </li>\n        <li id='cruise-header-tab-agents' class=\"\">\n   \
        \         <a href=\"/go/agents\">AGENTS</a>        </li>\n        <li id=\"\
        cruise-header-tab-admin\" class=\"\">\n                <a class=\"dropdown-arrow-icon\"\
        \ data-toggle=\"dropdown\" href=\"#\">ADMIN</a>                <ul class=\"\
        dropdown-menu\" role=\"menu\">\n                        <li role=\"presentation\"\
        >\n    <a href=\"/go/admin/pipelines\">Pipelines</a></li>\n<li role=\"presentation\"\
        >\n    <a href=\"/go/admin/templates\">Templates</a></li>\n<li role=\"presentation\"\
        >\n    <a href=\"/go/admin/config_xml\">Config XML</a></li>\n<li role=\"presentation\"\
        >\n    <a href=\"/go/admin/config/server\">Server Configuration</a></li>\n\
        <li role=\"presentation\">\n    <a href=\"/go/admin/users\">User Summary</a></li>\n\
        <li role=\"presentation\">\n    <a href=\"/go/oauth/admin/clients\">OAuth\
        \ Clients</a></li>\n<li role=\"presentation\">\n    <a href=\"/go/admin/gadgets/oauth_clients\"\
        >OAuth Enabled Gadget Providers</a></li>\n<li role=\"presentation\">\n   \
        \ <a href=\"/go/admin/backup\">Backup</a></li>\n<li role=\"presentation\"\
        >\n    <a href=\"/go/admin/plugins\">Plugins</a></li>\n<li role=\"presentation\"\
        >\n    <a href=\"/go/admin/package_repositories/new\">Package Repositories</a></li>\n\
        \                </ul>\n        </li>\n    </ul>\n    <div class=\"error_messaging_counter\"\
        >\n  <div id=\"cruise_message_counts\" class=\"cruise_messages\">\n  </div>\n\
        \  <div id=\"cruise_message_body\" style=\"display:none;\">\n  </div>\n\n\
        \     <script type=\"text/javascript\">\n        Util.on_load(function() {new\
        \ AjaxRefresher('/go/server/messages.json', null);});\n     </script>\n</div>\n\
        </div>\n<div id=\"back_to_top\" class='back_to_top' title=\"Scroll to Top\"\
        >Top</div>\n\n</div>\n    </div>\n\n    <div id='body_content'>\n        <div\
        \ class=\"messaging_wrapper\" id=\"messaging_wrapper\">\n            <div\
        \ class=\"flash\" id=\"message_pane\">\n</div>\n\n        </div>\n       \
        \ <div id=\"pipeline_header\">\n            <div class=\"entity_status_wrapper\
        \ page_header\">\n                <ul class=\"entity_title\">\n    <!--<li><a\
        \ href=\"/go/pipelines\">Pipelines</a></li>-->\n    <li class=\"name\"><a\
        \ href=\"/go/tab/pipeline/history/FunctionalTests\">FunctionalTests</a></li>\n\
        \n         <li class=\"last\"><h1>Compare</h1> </li>\n\n</ul>\n          \
        \  </div>\n        </div>\n        <div class=\"content_wrapper_outer\"><div\
        \ class=\"content_wrapper_inner\">\n        <div id=\"pipeline_status_bar\"\
        \ class=\"pipeline_flow\">\n            <table>\n                <tbody>\n\
        \                    <tr>\n                        <td width=\"360px\" valign=\"\
        top\"><div class=\"compare_pipeline_page pipeline\">\n    <div class=\"current_instance\"\
        \ id='compare_pipeline_from'>\n        <input class=\"compare_pipeline_input\"\
        \ id=\"from_pipeline\" name=\"from_pipeline\" type=\"text\" value=\"6\" />\
        \        <div class=\"autocomplete\"></div>\n        <div class=\"enhanced_dropdown\
        \ from hidden\">\n            <div class=\"compare_search_instructions\">\n\
        \                <p>Search for a pipeline instance by label, commiter, date,\
        \ etc.</p>\n                <p>or</p>\n                <p><a class=\"more_pipelines\"\
        \ id=\"browse_timeline_link_from\">\n                    Browse the timeline\n\
        \                 </a></p>\n            </div>\n        </div>\n    </div>\n\
        \        <div class=\"selected_pipeline_from stages\">\n            <div class=\"\
        pipeline_details\">\n                \n    <div style='width: 48.0%' class=\"\
        stage\">\n        <div class=\"stage_bar_wrapper\">\n                <a href=\"\
        /go/pipelines/FunctionalTests/6/Deploy/1\">\n                    <div  class=\"\
        stage_bar Passed\" title=\"Deploy (Passed)\">\n                        \n\
        \                    </div>\n                </a>\n        </div>\n    </div>\n\
        \n    <div style='width: 48.0%' class=\"stage\">\n        <div class=\"stage_bar_wrapper\"\
        >\n                <a href=\"/go/pipelines/FunctionalTests/6/functionalTests/1\"\
        >\n                    <div  class=\"stage_bar Passed\" title=\"functionalTests\
        \ (Passed)\">\n                        \n                    </div>\n    \
        \            </a>\n        </div>\n    </div>\n<div class=\"triggered_by\"\
        >\n    <span class='label'>Automatically triggered</span>&nbsp;on&nbsp;<span\
        \ class='time'>19 Mar, 2016 at 16:18:09 [+0000]</span></div>\n           \
        \ </div>\n        </div>\n</div>\n\n<script type=\"text/javascript\">\n  \
        \  Util.on_load(function() {\n        var pipelineSelector = \"#from_pipeline\"\
        ;\n        jQuery(pipelineSelector).autocomplete(\"/go/compare/FunctionalTests/list/compare_with/9\"\
        , {\n            minChars: 1,\n            width: 500,\n            scrollHeight:\
        \ 500,\n            matchContains: \"word\",\n            selectFirst: false,\n\
        \            autoFill: false,\n            delay: 1000,\n            cacheLength:\
        \ 0,\n            multiClickTrigger: false,\n            formatItem: function(row,\
        \ i, max) {\n                return row;\n            },\n            formatMatch:\
        \ function(row, i, max) {\n                return \"\";\n            },\n\
        \            formatResult: function(row) {\n                return row.value;\n\
        \            },\n            parse: function(data) {\n                return\
        \ data.html;\n            },\n            dataType: 'json',\n            highlight:\
        \ function(value, term) {\n                return value;//no-op\n        \
        \    }\n        });\n        jQuery(pipelineSelector).result(function(event,\
        \ data, formatted) {\n            var dest = compare_path(\"from\", formatted,\
        \ \"9\");\n            if (formatted == -1) { // indicates no match, see list.json.erb\n\
        \                resetField(event.target);\n            } else {\n       \
        \         window.location.href = dest;\n            }\n        });\n     \
        \   jQuery(pipelineSelector).blur(function(event) {\n            var val =\
        \ jQuery.trim(jQuery(event.target).val());\n            if (val == \"\" ||\
        \ val != '6') {\n                resetField(event.target);\n            }\n\
        \        });\n        function resetField(field) {\n            jQuery(field).val('6');\n\
        \        }\n\n        ;\n        function compare_path(suffix, counter, fixed_counter)\
        \ {\n            if (suffix == \"from\") {\n                var from_counter\
        \ = counter;\n                var to_counter = fixed_counter;\n          \
        \  } else {\n                var from_counter = fixed_counter;\n         \
        \       var to_counter = counter;\n            }\n            return \"/go/compare/FunctionalTests/\"\
        \ + from_counter + \"/with/\" + to_counter;\n        }\n\n        var instructionsPopup\
        \ = new MicroContentPopup(jQuery('.enhanced_dropdown.from').get(0), new MicroContentPopup.NoOpHandler());\n\
        \        var instructionsPopupShower = new MicroContentPopup.ClickShower(instructionsPopup);\n\
        \        jQuery(pipelineSelector).bind('keypress', function(event){\n    \
        \        instructionsPopupShower.close();\n        });\n        instructionsPopupShower.bindShowButton(\
        \ jQuery(pipelineSelector).get(0));\n\n        jQuery(\"#browse_timeline_link_from\"\
        ).click(function(event) {\n           Modalbox.show('/go/compare/FunctionalTests/timeline/1?other_pipeline_counter=9&amp;suffix=from',\n\
        \                {\n                    overlayClose: false,\n           \
        \         title: \"Select a pipeline to compare\"\n                });\n \
        \       });\n    });\n</script></td>\n                        <td valign=\"\
        top\"><div class=\"compared_to\">compared to</div></td>\n                \
        \        <td width=\"360px\" valign=\"top\"><div class=\"compare_pipeline_page\
        \ pipeline\">\n    <div class=\"current_instance\" id='compare_pipeline_to'>\n\
        \        <input class=\"compare_pipeline_input\" id=\"to_pipeline\" name=\"\
        to_pipeline\" type=\"text\" value=\"9\" />        <div class=\"autocomplete\"\
        ></div>\n        <div class=\"enhanced_dropdown to hidden\">\n           \
        \ <div class=\"compare_search_instructions\">\n                <p>Search for\
        \ a pipeline instance by label, commiter, date, etc.</p>\n               \
        \ <p>or</p>\n                <p><a class=\"more_pipelines\" id=\"browse_timeline_link_to\"\
        >\n                    Browse the timeline\n                 </a></p>\n  \
        \          </div>\n        </div>\n    </div>\n        <div class=\"selected_pipeline_to\
        \ stages\">\n            <div class=\"pipeline_details\">\n              \
        \  \n    <div style='width: 48.0%' class=\"stage\">\n        <div class=\"\
        stage_bar_wrapper\">\n                <a href=\"/go/pipelines/FunctionalTests/9/Deploy/1\"\
        >\n                    <div  class=\"stage_bar Failed\" title=\"Deploy (Failed)\"\
        >\n                        \n                    </div>\n                </a>\n\
        \        </div>\n    </div>\n\n    <div style='width: 48.0%' class=\"stage\"\
        >\n        <div class=\"stage_bar_wrapper\">\n                <div  class=\"\
        stage_bar Unknown\" title=\"functionalTests (Unknown)\"></div>\n        </div>\n\
        \    </div>\n<div class=\"triggered_by\">\n    <span class='label'>Automatically\
        \ triggered</span>&nbsp;on&nbsp;<span class='time'>20 Mar, 2016 at 01:24:45\
        \ [+0000]</span></div>\n            </div>\n        </div>\n</div>\n\n<script\
        \ type=\"text/javascript\">\n    Util.on_load(function() {\n        var pipelineSelector\
        \ = \"#to_pipeline\";\n        jQuery(pipelineSelector).autocomplete(\"/go/compare/FunctionalTests/list/compare_with/6\"\
        , {\n            minChars: 1,\n            width: 500,\n            scrollHeight:\
        \ 500,\n            matchContains: \"word\",\n            selectFirst: false,\n\
        \            autoFill: false,\n            delay: 1000,\n            cacheLength:\
        \ 0,\n            multiClickTrigger: false,\n            formatItem: function(row,\
        \ i, max) {\n                return row;\n            },\n            formatMatch:\
        \ function(row, i, max) {\n                return \"\";\n            },\n\
        \            formatResult: function(row) {\n                return row.value;\n\
        \            },\n            parse: function(data) {\n                return\
        \ data.html;\n            },\n            dataType: 'json',\n            highlight:\
        \ function(value, term) {\n                return value;//no-op\n        \
        \    }\n        });\n        jQuery(pipelineSelector).result(function(event,\
        \ data, formatted) {\n            var dest = compare_path(\"to\", formatted,\
        \ \"6\");\n            if (formatted == -1) { // indicates no match, see list.json.erb\n\
        \                resetField(event.target);\n            } else {\n       \
        \         window.location.href = dest;\n            }\n        });\n     \
        \   jQuery(pipelineSelector).blur(function(event) {\n            var val =\
        \ jQuery.trim(jQuery(event.target).val());\n            if (val == \"\" ||\
        \ val != '9') {\n                resetField(event.target);\n            }\n\
        \        });\n        function resetField(field) {\n            jQuery(field).val('9');\n\
        \        }\n\n        ;\n        function compare_path(suffix, counter, fixed_counter)\
        \ {\n            if (suffix == \"from\") {\n                var from_counter\
        \ = counter;\n                var to_counter = fixed_counter;\n          \
        \  } else {\n                var from_counter = fixed_counter;\n         \
        \       var to_counter = counter;\n            }\n            return \"/go/compare/FunctionalTests/\"\
        \ + from_counter + \"/with/\" + to_counter;\n        }\n\n        var instructionsPopup\
        \ = new MicroContentPopup(jQuery('.enhanced_dropdown.to').get(0), new MicroContentPopup.NoOpHandler());\n\
        \        var instructionsPopupShower = new MicroContentPopup.ClickShower(instructionsPopup);\n\
        \        jQuery(pipelineSelector).bind('keypress', function(event){\n    \
        \        instructionsPopupShower.close();\n        });\n        instructionsPopupShower.bindShowButton(\
        \ jQuery(pipelineSelector).get(0));\n\n        jQuery(\"#browse_timeline_link_to\"\
        ).click(function(event) {\n           Modalbox.show('/go/compare/FunctionalTests/timeline/1?other_pipeline_counter=6&amp;suffix=to',\n\
        \                {\n                    overlayClose: false,\n           \
        \         title: \"Select a pipeline to compare\"\n                });\n \
        \       });\n    });\n</script></td>\n                    </tr>\n        \
        \        </tbody>\n            </table>\n        </div>\n\n        <script\
        \ src=\"/go/gadgets/js/rpc.js?v=1.1-beta5\" type=\"text/javascript\"></script>\n\
        <script type=\"text/javascript\">\n    Util.on_load(function() {\n       \
        \ tw_gadget.init('/go/gadgets/ifr');\n    });\n</script>\n<div class=\"clear-float\"\
        ></div>\n<div class=\"sub_tab_container rounded-corner-for-tab-container\"\
        >\n    <div class=\"sub_tabs_container\">\n        <ul>\n            <li class=\"\
        checkins current_tab\">\n                <a class=\"tab_button_body_match_text\"\
        >checkins</a>\n                <a>Changes</a>\n            </li>\n       \
        \     <li class=\"card_activity\">\n                <a class=\"tab_button_body_match_text\"\
        >card_activity</a>\n                <a>Card Activity</a>\n            </li>\n\
        \        </ul>\n    </div>\n    <div class=\"sub_tab_container_content\">\n\
        \        <div id=\"tab-content-of-card_activity\">\n                     \
        \   <div id=\"card_activity_gadget\" class=\"gadget-container\">\n       \
        \             <div class=\"information\">No mingle project configured for\
        \ this pipeline. <a href=\"http://www.go.cd/documentation/user/current/integration/mingle_card_activity_gadget.html\"\
        \ target=\"_blank\">More Information</a></div>\n                <!-- gadget\
        \ goes here -->\n            </div>\n        </div>\n        <div id=\"tab-content-of-checkins\"\
        \ class=\"material_revision_diff\">\n                        <div style=\"\
        padding: 1em;\">\n                \n        <div>\n    <div class=\"material_title\"\
        >\n        <strong> Git - URL: https://github.com/greenmoss/gocd_source, Branch:\
        \ AD</strong>\n    </div>\n    <table class=\"list_table material_modifications\"\
        >\n        <tr>\n            <th class=\"revision\">Revision</th>\n      \
        \      <th class=\"modified_by\">Modified by</th>\n            <th class=\"\
        comment\">Comment: </th>\n        </tr>\n            <tr class=\"change\"\
        >\n                <td class=\"revision\">\n                    c64c66a620e7c3e<wbr/>2ce49ed43<wbr/>4f85210cf5e519fd\
        \                </td>\n                <td class=\"modified_by\">\n     \
        \               Kurt Yoder &lt;<wbr/>ktygithub<wbr/>@yoderhome.com&gt;   \
        \                 <br/>\n                    2016-<wbr/>03-<wbr/>19T21:41:10+00:<wbr/>00\
        \                </td>\n                <td class=\"comment\">\n         \
        \               <p>pass AD</p>                </td>\n            </tr>\n \
        \           <tr class=\"change\">\n                <td class=\"revision\"\
        >\n                    ef7b1cb587f0164<wbr/>6ecd30221<wbr/>50b0ba4b5dbddd58\
        \                </td>\n                <td class=\"modified_by\">\n     \
        \               Kurt Yoder &lt;<wbr/>ktygithub<wbr/>@yoderhome.com&gt;   \
        \                 <br/>\n                    2016-<wbr/>03-<wbr/>19T21:35:14+00:<wbr/>00\
        \                </td>\n                <td class=\"comment\">\n         \
        \               <p>Fail the AD branch</p>                </td>\n         \
        \   </tr>\n    </table>\n\n        </div>\n\n        <div>\n    <div class=\"\
        material_title\">\n        <strong> Git - URL: https://github.com/greenmoss/gocd_source,\
        \ Branch: FT</strong>\n    </div>\n    <table class=\"list_table material_modifications\"\
        >\n        <tr>\n            <th class=\"revision\">Revision</th>\n      \
        \      <th class=\"modified_by\">Modified by</th>\n            <th class=\"\
        comment\">Comment: </th>\n        </tr>\n            <tr class=\"change\"\
        >\n                <td class=\"revision\">\n                    e6bace8a6a972ff<wbr/>1ac80ac01<wbr/>91f81602103fe3d2\
        \                </td>\n                <td class=\"modified_by\">\n     \
        \               Kurt Yoder &lt;<wbr/>ktygithub<wbr/>@yoderhome.com&gt;   \
        \                 <br/>\n                    2016-<wbr/>03-<wbr/>20T01:40:55+00:<wbr/>00\
        \                </td>\n                <td class=\"comment\">\n         \
        \               <p>Update run.sh</p>                </td>\n            </tr>\n\
        \            <tr class=\"change\">\n                <td class=\"revision\"\
        >\n                    f8ac58380b2f53c<wbr/>1f55ebef1<wbr/>81e23c38468d54ef\
        \                </td>\n                <td class=\"modified_by\">\n     \
        \               Kurt Yoder &lt;<wbr/>ktygithub<wbr/>@yoderhome.com&gt;   \
        \                 <br/>\n                    2016-<wbr/>03-<wbr/>19T21:41:38+00:<wbr/>00\
        \                </td>\n                <td class=\"comment\">\n         \
        \               <p>fail FT</p>                </td>\n            </tr>\n \
        \   </table>\n\n        </div>\n        <div>\n    <div class=\"material_title\"\
        >\n    <strong> Pipeline - AppDevelopment</strong>\n</div>\n<table class=\"\
        list_table dependency_material_modifications\">\n    <tr>\n        <th class=\"\
        dmr revision\">Revision</th>\n        <th class=\"dmr label\">Label</th>\n\
        \        <th class=\"dmr completed_at\">Completed at</th>\n    </tr>\n   \
        \     <tr class=\"change\">\n            <td class=\"revision\">\n       \
        \         <a href=\"/go/pipelines/AppDevelopment/7/Package/1\">AppDevelopment/7/Package/1</a>\
        \            </td>\n            <td class=\"label\">\n                <a href=\"\
        /go/pipelines/value_stream_map/AppDevelopment/7\">7</a>            </td>\n\
        \            <td class=\"completed_at\">\n                2016-<wbr/>03-<wbr/>19T21:31:07+00:<wbr/>00\
        \            </td>\n        </tr>\n</table>\n\n        </div>\n          \
        \  </div>\n        </div>\n    </div>\n</div>\n<script type=\"text/javascript\"\
        >\n    new TabsManager(undefined, 'comparison_page', 'FunctionalTests>', 'checkins');\n\
        </script>\n        </div></div>\n    </div>\n\n    <div id='footer'>\n   \
        \     <ul class=\"copyright\" onclick=\"dashboard_periodical_executer.stop();\"\
        >\n    <li>Copyright &copy; 2016 <a href=\"http://www.thoughtworks.com/products\"\
        \ target='_blank'>ThoughtWorks, Inc.</a> Licensed under <a href=\"http://www.apache.org/licenses/LICENSE-2.0\"\
        \ target=\"_blank\">Apache License, Version 2.0</a>. Go includes <a href=\"\
        /go/NOTICE/cruise_notice_file.pdf\" target=\"_blank\">third-party software</a>.</li>\n\
        \    <li class=\"last\">Go Version: 16.2.1(3027-07834a1f2ce79a13d42b03601698ef48f128a012)</li>\n\
        </ul>\n<ul class=\"links\">\n    <li><a href=\"/go/cctray.xml\">(cc) CCTray\
        \ Feed</a></li>\n    <li><a href=\"http://api.go.cd\" target=\"_blank\">APIs</a></li>\n\
        \    <li><a href=\"http://www.go.cd/community/plugins.html\" target=\"_blank\"\
        >Plugins</a></li>\n    <li><a href=\"http://www.go.cd/community/resources.html\"\
        \ target=\"_blank\">Community</a></li>\n    <li><a href=\"/go/about\">Server\
        \ Details</a></li>\n    <li class=\"last\"><a href=\"https://go.cd/help\"\
        \ target=\"_blank\">Need Help?</a></li>\n</ul>\n    <script type=\"text/javascript\"\
        >\n        var updater = new VersionUpdater('http://localhost:8153/go/api/version_infos/stale',\
        \ 'http://localhost:8153/go/api/version_infos/go_server');\n        updater.update();\n\
        \    </script>\n\n    </div>\n</div>\n</body>\n</html>\n\n"}
    headers:
      cache-control: ['max-age=0, private, must-revalidate']
      connection: [close]
      content-type: [text/html; charset=UTF-8]
      date: ['Mon, 21 Mar 2016 01:43:33 GMT']
      etag: ['"a47019c56d39bb5487c690f973a2b936"']
      expires: ['Thu, 01 Jan 1970 00:00:00 GMT']
      set-cookie: ['JSESSIONID=15udopb0ubvuu18ifhrw48s3ch;Path=/go;Expires=Mon, 04-Apr-2016
          01:43:33 GMT']
      vary: ['Accept-Encoding, User-Agent']
      x-content-type-options: [nosniff]
      x-frame-options: [SAMEORIGIN]
      x-request-id: [54bc48cb-b6f4-40d4-9950-b6d870337837]
      x-runtime: ['0.045000']
      x-ua-compatible: [chrome=1]
      x-xss-protection: [1; mode=block]
    status: {code: 200, message: OK}
version: 1
